// Jest Snapshot v1, https://goo.gl/fbAQLP

exports[`should construct URL params 1`] = `"?h=1&m=2&s=3"`;
