// Jest Snapshot v1, https://goo.gl/fbAQLP

exports[`should compute settings correctly 1`] = `
Object {
  "h": 1,
}
`;
