// Jest Snapshot v1, https://goo.gl/fbAQLP

exports[`should construct widget URL 1`] = `"http://localhost/sm?h=1&m=2&s=3"`;
